
> build
> vite build

node.exe : [2m5:36:42 PM[22m [33m[1m[vite][22m[39m [33mwarning: `esbuild` option was specified by 
"vite:react-babel" plugin. This option is deprecated, please use `oxc` instead.[39m
At C:\Program Files\nodejs\npm.ps1:29 char:3
+   & $NODE_EXE $NPM_CLI_JS $args
+   ~~~~~~~~~~~~~~~~~~~~~~~~~~~~~
    + CategoryInfo          : NotSpecified: ([2m5:36:42 PM...` instead.[39m:String) [], RemoteException
    + FullyQualifiedErrorId : NativeCommandError
 
`optimizeDeps.rollupOptions` / `ssr.optimizeDeps.rollupOptions` is deprecated. Use `optimizeDeps.rolldownOptions` 
instead. Note that this option may be set by a plugin. Set VITE_DEPRECATION_TRACE=1 to see where it is called.
[vite:react-babel] We recommend switching to `@vitejs/plugin-react-oxc` for improved performance. More information at 
https://vite.dev/rolldown
[36mvite v8.0.10 [32mbuilding client environment for production...[36m[39m
[2K
transforming...✓ 2 modules transformed.
[31m✗[39m Build failed in 802ms
[31merror during build:
[31mBuild failed with 1 error:

[31m[UNRESOLVED_IMPORT] Error:[0m Could not resolve './bootstrap' in resources/js/app.jsx
   [38;5;246m╭[0m[38;5;246m─[0m[38;5;246m[[0m resources/js/app.jsx:2:8 [38;5;246m][0m
   [38;5;246m│[0m
 [38;5;246m2 │[0m 
[38;5;249mi[0m[38;5;249mm[0m[38;5;249mp[0m[38;5;249mo[0m[38;5;249mr[0m[38;5;249mt[0m[38;5;249m 
[0m"./bootstrap"[38;5;249m;[0m
 [38;5;240m  │[0m        ──────┬──────  
 [38;5;240m  │[0m              ╰──────── Module not found.
[38;5;246m───╯[0m
[31m
    at aggregateBindingErrorsIntoJsError 
(file:///D:/Moe%20limousine/Moe%20Projects%20MVP%201/node_modules/rolldown/dist/shared/error-DL-e8-oE.mjs:48:18)
    at unwrapBindingResult 
(file:///D:/Moe%20limousine/Moe%20Projects%20MVP%201/node_modules/rolldown/dist/shared/error-DL-e8-oE.mjs:18:128)
    at #build (file:///D:/Moe%20limousine/Moe%20Projects%20MVP%201/node_modules/rolldown/dist/shared/rolldown-build-DSx
L8qiP.mjs:3317:34)
    at async buildEnvironment 
(file:///D:/Moe%20limousine/Moe%20Projects%20MVP%201/node_modules/vite/dist/node/chunks/node.js:33018:64)
    at async Object.build 
(file:///D:/Moe%20limousine/Moe%20Projects%20MVP%201/node_modules/vite/dist/node/chunks/node.js:33440:19)
    at async Object.buildApp 
(file:///D:/Moe%20limousine/Moe%20Projects%20MVP%201/node_modules/vite/dist/node/chunks/node.js:33437:153)
    at async CAC.<anonymous> 
(file:///D:/Moe%20limousine/Moe%20Projects%20MVP%201/node_modules/vite/dist/node/cli.js:778:3) {
  errors: [Getter/Setter]
}[39m
